2022-01-27 14:40:43.065  INFO 9192 --- [main] c.n.d.DuckjiduckjiApplication            : Starting DuckjiduckjiApplication using Java 1.8.0_221 on DESKTOP-MVUP8EG with PID 9192 (C:\Users\KTJ\IdeaProjects\duckjiduckji\target\classes started by KTJ in C:\Users\KTJ\IdeaProjects\duckjiduckji)
2022-01-27 14:40:43.067  INFO 9192 --- [main] c.n.d.DuckjiduckjiApplication            : The following profiles are active: local
2022-01-27 14:40:43.099  WARN 9192 --- [main] o.s.b.c.config.ConfigDataEnvironment     : Property 'spring.profiles' imported from location 'class path resource [application.yml]' is invalid and should be replaced with 'spring.config.activate.on-profile' [origin: class path resource [application.yml] - 56:13]
2022-01-27 14:40:43.099  WARN 9192 --- [main] o.s.b.c.config.ConfigDataEnvironment     : Property 'spring.profiles' imported from location 'class path resource [application.yml]' is invalid and should be replaced with 'spring.config.activate.on-profile' [origin: class path resource [application.yml] - 32:13]
2022-01-27 14:40:43.798  INFO 9192 --- [main] o.s.b.w.embedded.tomcat.TomcatWebServer  : Tomcat initialized with port(s): 8081 (http)
2022-01-27 14:40:43.805  INFO 9192 --- [main] o.apache.catalina.core.StandardService   : Starting service [Tomcat]
2022-01-27 14:40:43.805  INFO 9192 --- [main] org.apache.catalina.core.StandardEngine  : Starting Servlet engine: [Apache Tomcat/9.0.56]
2022-01-27 14:40:43.898  INFO 9192 --- [main] o.a.c.c.C.[Tomcat].[localhost].[/]       : Initializing Spring embedded WebApplicationContext
2022-01-27 14:40:43.898  INFO 9192 --- [main] w.s.c.ServletWebServerApplicationContext : Root WebApplicationContext: initialization completed in 797 ms
2022-01-27 14:40:44.765  INFO 9192 --- [main] o.s.b.w.embedded.tomcat.TomcatWebServer  : Tomcat started on port(s): 8081 (http) with context path ''
2022-01-27 14:40:44.766  INFO 9192 --- [main] o.s.m.s.b.SimpleBrokerMessageHandler     : Starting...
2022-01-27 14:40:44.767  INFO 9192 --- [main] o.s.m.s.b.SimpleBrokerMessageHandler     : BrokerAvailabilityEvent[available=true, SimpleBrokerMessageHandler [org.springframework.messaging.simp.broker.DefaultSubscriptionRegistry@1a891add]]
2022-01-27 14:40:44.767  INFO 9192 --- [main] o.s.m.s.b.SimpleBrokerMessageHandler     : Started.
2022-01-27 14:40:44.773  INFO 9192 --- [main] c.n.d.DuckjiduckjiApplication            : Started DuckjiduckjiApplication in 2.117 seconds (JVM running for 2.993)
2022-01-27 14:40:48.616  INFO 9192 --- [http-nio-8081-exec-1] o.a.c.c.C.[Tomcat].[localhost].[/]       : Initializing Spring DispatcherServlet 'dispatcherServlet'
2022-01-27 14:40:48.616  INFO 9192 --- [http-nio-8081-exec-1] o.s.web.servlet.DispatcherServlet        : Initializing Servlet 'dispatcherServlet'
2022-01-27 14:40:48.617  INFO 9192 --- [http-nio-8081-exec-1] o.s.web.servlet.DispatcherServlet        : Completed initialization in 1 ms
2022-01-27 14:40:49.029  INFO 9192 --- [clientInboundChannel-4] c.n.d.Controller.MessageController       : {
  "msgType" : "JOIN",
  "userId" : "1234",
  "sendTime" : "2022-01-27T05:40:48.876Z"
}
2022-01-27 14:40:49.064 ERROR 9192 --- [clientInboundChannel-4] .WebSocketAnnotationMethodMessageHandler : Unhandled exception from message handler method

org.springframework.web.client.ResourceAccessException: I/O error on POST request for "/$%7Bapi.server.info": null; nested exception is org.apache.http.client.ClientProtocolException
	at org.springframework.web.client.RestTemplate.doExecute(RestTemplate.java:785) ~[spring-web-5.3.14.jar:5.3.14]
	at org.springframework.web.client.RestTemplate.execute(RestTemplate.java:711) ~[spring-web-5.3.14.jar:5.3.14]
	at org.springframework.web.client.RestTemplate.exchange(RestTemplate.java:602) ~[spring-web-5.3.14.jar:5.3.14]
	at com.nexters.duckjiduckji.Service.MessageService.callApiServer(MessageService.java:81) ~[classes/:na]
	at com.nexters.duckjiduckji.Service.MessageService.MessageInService(MessageService.java:63) ~[classes/:na]
	at com.nexters.duckjiduckji.Controller.MessageController.roomJoin(MessageController.java:40) ~[classes/:na]
	at sun.reflect.NativeMethodAccessorImpl.invoke0(Native Method) ~[na:1.8.0_221]
	at sun.reflect.NativeMethodAccessorImpl.invoke(NativeMethodAccessorImpl.java:62) ~[na:1.8.0_221]
	at sun.reflect.DelegatingMethodAccessorImpl.invoke(DelegatingMethodAccessorImpl.java:43) ~[na:1.8.0_221]
	at java.lang.reflect.Method.invoke(Method.java:498) ~[na:1.8.0_221]
	at org.springframework.messaging.handler.invocation.InvocableHandlerMethod.doInvoke(InvocableHandlerMethod.java:169) ~[spring-messaging-5.3.14.jar:5.3.14]
	at org.springframework.messaging.handler.invocation.InvocableHandlerMethod.invoke(InvocableHandlerMethod.java:119) ~[spring-messaging-5.3.14.jar:5.3.14]
	at org.springframework.messaging.handler.invocation.AbstractMethodMessageHandler.handleMatch(AbstractMethodMessageHandler.java:569) [spring-messaging-5.3.14.jar:5.3.14]
	at org.springframework.messaging.simp.annotation.support.SimpAnnotationMethodMessageHandler.handleMatch(SimpAnnotationMethodMessageHandler.java:511) [spring-messaging-5.3.14.jar:5.3.14]
	at org.springframework.messaging.simp.annotation.support.SimpAnnotationMethodMessageHandler.handleMatch(SimpAnnotationMethodMessageHandler.java:94) [spring-messaging-5.3.14.jar:5.3.14]
	at org.springframework.messaging.handler.invocation.AbstractMethodMessageHandler.handleMessageInternal(AbstractMethodMessageHandler.java:524) [spring-messaging-5.3.14.jar:5.3.14]
	at org.springframework.messaging.handler.invocation.AbstractMethodMessageHandler.handleMessage(AbstractMethodMessageHandler.java:458) [spring-messaging-5.3.14.jar:5.3.14]
	at org.springframework.messaging.support.ExecutorSubscribableChannel$SendTask.run(ExecutorSubscribableChannel.java:144) [spring-messaging-5.3.14.jar:5.3.14]
	at java.util.concurrent.ThreadPoolExecutor.runWorker(ThreadPoolExecutor.java:1149) [na:1.8.0_221]
	at java.util.concurrent.ThreadPoolExecutor$Worker.run(ThreadPoolExecutor.java:624) [na:1.8.0_221]
	at java.lang.Thread.run(Thread.java:748) [na:1.8.0_221]
Caused by: org.apache.http.client.ClientProtocolException: null
	at org.apache.http.impl.client.InternalHttpClient.doExecute(InternalHttpClient.java:187) ~[httpclient-4.5.13.jar:4.5.13]
	at org.apache.http.impl.client.CloseableHttpClient.execute(CloseableHttpClient.java:83) ~[httpclient-4.5.13.jar:4.5.13]
	at org.apache.http.impl.client.CloseableHttpClient.execute(CloseableHttpClient.java:56) ~[httpclient-4.5.13.jar:4.5.13]
	at org.springframework.http.client.HttpComponentsClientHttpRequest.executeInternal(HttpComponentsClientHttpRequest.java:87) ~[spring-web-5.3.14.jar:5.3.14]
	at org.springframework.http.client.AbstractBufferingClientHttpRequest.executeInternal(AbstractBufferingClientHttpRequest.java:48) ~[spring-web-5.3.14.jar:5.3.14]
	at org.springframework.http.client.AbstractClientHttpRequest.execute(AbstractClientHttpRequest.java:66) ~[spring-web-5.3.14.jar:5.3.14]
	at org.springframework.web.client.RestTemplate.doExecute(RestTemplate.java:776) ~[spring-web-5.3.14.jar:5.3.14]
	... 20 common frames omitted
Caused by: org.apache.http.ProtocolException: Target host is not specified
	at org.apache.http.impl.conn.DefaultRoutePlanner.determineRoute(DefaultRoutePlanner.java:71) ~[httpclient-4.5.13.jar:4.5.13]
	at org.apache.http.impl.client.InternalHttpClient.determineRoute(InternalHttpClient.java:125) ~[httpclient-4.5.13.jar:4.5.13]
	at org.apache.http.impl.client.InternalHttpClient.doExecute(InternalHttpClient.java:184) ~[httpclient-4.5.13.jar:4.5.13]
	... 26 common frames omitted

